1,5c1,5
< Hyperperiod 2000 ms
< 
< P1/C1_0 0
< P1/C2_0 1000
< 
---
> Hyperperiod 2000 ms
> 
> P1/C1_0 0
> P1/C2_0 1000
> 
